
> @massivescale/tsp-aspnetcore-api@1.2.0 pretest
> npm run build


> @massivescale/tsp-aspnetcore-api@1.2.0 build
> tsc && tsc -p tsconfig.test.json && node scripts/copy-templates.mjs


> @massivescale/tsp-aspnetcore-api@1.2.0 test
> cd dist && node --test

Γû╢ csharp emitter
  Γû╢ default layout (no root-namespace)
    Γ£ö emits each model flat at the root of the output dir (172.229ms)
    Γ£ö uses default namespace for top-level models (27.9724ms)
    Γ£ö uses original TypeSpec namespace as the C# namespace (15.8851ms)
  Γ£ö default layout (no root-namespace) (216.74ms)
  Γû╢ root-namespace option
    Γ£ö strips root namespace from folder paths (19.9925ms)
    Γ£ö places models at root when their namespace equals the root namespace (13.3412ms)
    Γ£ö places top-level models at root with the root namespace as their C# namespace (17.6129ms)
    Γ£ö places models outside the root namespace at the output root, keeping their namespace (17.2539ms)
    Γ£ö supports nested root namespace prefixes (16.853ms)
  Γ£ö root-namespace option (85.3794ms)
  Γû╢ @format-based type mapping
    Γ£ö maps uuid to Guid (11.1444ms)
    Γ£ö maps guid (alias) to Guid (11.7821ms)
    Γ£ö maps uri to Uri (11.001ms)
    Γ£ö maps date-time format to DateTimeOffset (12.9251ms)
    Γ£ö preserves nullable on optional formatted properties (8.3384ms)
    Γ£ö falls back to the underlying type when the format is unknown (9.5006ms)
  Γ£ö @format-based type mapping (64.957ms)
  Γû╢ type mapping
    Γ£ö emits a simple model with primitive properties (9.7391ms)
    Γ£ö treats optional properties as nullable (14.7041ms)
    Γ£ö maps array and record types (13.122ms)
    Γ£ö emits MergePatchUpdate properties as MergePatchValue wrappers (24.5929ms)
    Γ£ö resolves inferred enum types in versioned models and merge patch models (22.7526ms)
    Γ£ö emits enums with numeric values (9.2876ms)
    Γ£ö emits inheritance via extends (10.359ms)
    Γ£ö treats nullable unions as nullable C# types (11.0697ms)
    Γ£ö maps date and duration scalars (18.4983ms)
    Γ£ö emits doc comments as XML summary (8.9351ms)
    Γ£ö ignores standard library types (8.9027ms)
  Γ£ö type mapping (152.4788ms)
  Γû╢ default property values
    Γ£ö assigns an enum default value as an initializer (10.4975ms)
    Γ£ö assigns a string default value as an initializer (10.4312ms)
    Γ£ö assigns a numeric default value as an initializer (9.7158ms)
    Γ£ö assigns a boolean default value as an initializer (9.6542ms)
    Γ£ö does not emit an initializer when no default is present (9.3669ms)
  Γ£ö default property values (49.8593ms)
  Γû╢ using statements
    Γ£ö does not add a using for the model's own namespace (21.932ms)
    Γ£ö adds a using for a referenced type in another namespace (9.7309ms)
    Γ£ö adds usings for referenced array element and record value types (9.4554ms)
    Γ£ö adds a using for a base model in another namespace (9.4839ms)
  Γ£ö using statements (50.8047ms)
  Γû╢ namespace-map option
    Γ£ö rewrites the C# namespace for a model in a mapped namespace (10.0884ms)
    Γ£ö applies the mapping as a prefix replacement to nested namespaces (9.417ms)
    Γ£ö uses the longest matching key when multiple mappings could apply (9.3751ms)
    Γ£ö emits using statements that reflect the mapped namespace of referenced types (8.7491ms)
    Γ£ö places mapped models in folders that match the mapped C# namespace under the root (8.1241ms)
    Γ£ö does not add a using when the mapped namespace equals the consumer's namespace (8.2229ms)
  Γ£ö namespace-map option (54.2085ms)
  Γû╢ interface generation
    Γ£ö emits a corresponding I<Model> interface alongside each class (13.9828ms)
    Γ£ö includes the interface alongside the base class on extends (9.1567ms)
    Γ£ö does not generate interfaces for enums (7.0298ms)
    Γ£ö preserves nullable formatting on interface members (14.2591ms)
  Γ£ö interface generation (44.6234ms)
  Γû╢ models-output-dir / interfaces-output-dir
    Γ£ö routes class files into models-output-dir (15.8806ms)
    Γ£ö routes interface files into interfaces-output-dir (15.5494ms)
    Γ£ö routes both when both overrides are provided (9.5226ms)
    Γ£ö appends output-dir segments to TypeSpec namespace when namespace-from-path is enabled (default) (11.6851ms)
    Γ£ö uses subfolder layout (not dir-suffix) when namespace-from-path is disabled (19.1498ms)
    Γ£ö routes enums to models-output-dir (6.913ms)
  Γ£ö models-output-dir / interfaces-output-dir (79.0117ms)
  Γû╢ additional-usings option
    Γ£ö appends configured usings to every emitted file (7.751ms)
    Γ£ö places System namespaces before non-System ones (7.374ms)
    Γ£ö does not duplicate a using already implied by a cross-namespace reference (8.6822ms)
  Γ£ö additional-usings option (23.9658ms)
  Γû╢ nullable-properties option
    Γ£ö renders all properties as nullable by default (7.7213ms)
    Γ£ö only marks optional properties as nullable when disabled (8.1175ms)
    Γ£ö still treats null-union properties as nullable when disabled (8.3469ms)
    Γ£ö does not double up the nullability marker on already-nullable types (14.7775ms)
  Γ£ö nullable-properties option (39.1149ms)
  Γû╢ JSON serialization attributes
    Γ£ö adds [JsonPropertyName] with camelCase key to every class property (7.5395ms)
    Γ£ö converts snake_case property names to camelCase JSON keys (7.4312ms)
    Γ£ö adds [JsonIgnore] to nullable properties but not non-nullable (9.0707ms)
    Γ£ö adds [JsonPropertyName] and [JsonIgnore] to interface properties (8.5478ms)
    Γ£ö adds [JsonConverter(typeof(EnumMemberConverterFactory))] to enums (7.0822ms)
    Γ£ö includes using System.Text.Json.Serialization in model files (8.0133ms)
  Γ£ö JSON serialization attributes (47.9291ms)
  Γû╢ templates option
    Γ£ö uses a custom class template when provided (9.0457ms)
    Γ£ö uses a custom interface template when provided (15.4572ms)
    Γ£ö uses a custom enum template when provided (8.6524ms)
    Γ£ö uses a custom file template when provided (8.871ms)
    Γ£ö falls back to defaults for templates that are not overridden (9.4738ms)
    Γ£ö reports a diagnostic when a custom template cannot be loaded (6.203ms)
  Γ£ö templates option (57.9411ms)
  Γû╢ controller generation
    Γ£ö emits a controller and service interface pair for an HTTP interface (22.7776ms)
    Γ£ö controller has ApiController and ControllerBase; route is on each method (16.8244ms)
    Γ£ö controller is abstract and the service interface file is emitted (23.2052ms)
    Γ£ö emits action methods with correct HTTP verb attributes (16.2048ms)
    Γ£ö emits path and query parameters with correct binding attributes (15.2562ms)
    Γ£ö emits a body parameter with [FromBody] (14.5118ms)
    Γ£ö service interface has Task<T> method signatures (22.5826ms)
    Γ£ö service interface declares abstract Task methods (14.2528ms)
    Γ£ö service interface returns plain Task for operations with no response body (15.3374ms)
    Γ£ö service interface excludes @error models from return type (15.5514ms)
    Γ£ö service interface uses @body type for complex responses with status codes and headers (20.0302ms)
    Γ£ö generates one route attribute per API version on each method (15.5276ms)
    Γ£ö includes path parameters in versioned operation routes (16.6481ms)
    Γ£ö emits versioned routes only for versions where each operation exists (17.1074ms)
    Γ£ö respects operation availability when version values differ from version names (22.1654ms)
    Γ£ö respects route-prefix option (14.137ms)
    Γ£ö routes controllers and services to separate dirs when configured (14.7085ms)
    Γ£ö infers controller namespace from the TypeSpec namespace when root-namespace is not set (13.7543ms)
    Γ£ö infers a multi-segment controller namespace when the TypeSpec namespace is multi-segment (19.2383ms)
  Γ£ö controller generation (330.5281ms)
  Γû╢ helpers generation
    Γ£ö infers helper namespace from the TypeSpec namespace when root-namespace is not set (7.6071ms)
    Γ£ö uses explicit root-namespace for helpers when provided (7.3189ms)
  Γ£ö helpers generation (15.0028ms)
Γ£ö csharp emitter (1313.4296ms)
Γ£ö test\host.js (332.5564ms)
Γä╣ tests 91
Γä╣ suites 16
Γä╣ pass 91
Γä╣ fail 0
Γä╣ cancelled 0
Γä╣ skipped 0
Γä╣ todo 0
Γä╣ duration_ms 1716.3134
